Archive member included because of file (symbol)

c:/program files/emblocks/1.44/share/em_armgcc/bin/../lib/gcc/arm-none-eabi/4.7.3/armv6-m\libgcc.a(_udivsi3.o)
                              obj\release\stm32f0xx_rcc.o (__aeabi_uidiv)
c:/program files/emblocks/1.44/share/em_armgcc/bin/../lib/gcc/arm-none-eabi/4.7.3/armv6-m\libgcc.a(_divsi3.o)
                              obj\release\hd44780.o (__aeabi_idiv)
c:/program files/emblocks/1.44/share/em_armgcc/bin/../lib/gcc/arm-none-eabi/4.7.3/armv6-m\libgcc.a(_dvmd_tls.o)
                              c:/program files/emblocks/1.44/share/em_armgcc/bin/../lib/gcc/arm-none-eabi/4.7.3/armv6-m\libgcc.a(_udivsi3.o) (__aeabi_idiv0)
c:/program files/emblocks/1.44/share/em_armgcc/bin/../lib/gcc/arm-none-eabi/4.7.3/../../../../arm-none-eabi/lib/armv6-m\libc_n.a(lib_a-__atexit2.o)
                              c:/program files/emblocks/1.44/share/em_armgcc/bin/../lib/gcc/arm-none-eabi/4.7.3/../../../../arm-none-eabi/lib/armv6-m/crt0.o (__register_exitproc)
c:/program files/emblocks/1.44/share/em_armgcc/bin/../lib/gcc/arm-none-eabi/4.7.3/../../../../arm-none-eabi/lib/armv6-m\libc_n.a(lib_a-exit.o)
                              c:/program files/emblocks/1.44/share/em_armgcc/bin/../lib/gcc/arm-none-eabi/4.7.3/../../../../arm-none-eabi/lib/armv6-m/crt0.o (exit)
c:/program files/emblocks/1.44/share/em_armgcc/bin/../lib/gcc/arm-none-eabi/4.7.3/../../../../arm-none-eabi/lib/armv6-m\libc_n.a(lib_a-fini.o)
                              c:/program files/emblocks/1.44/share/em_armgcc/bin/../lib/gcc/arm-none-eabi/4.7.3/../../../../arm-none-eabi/lib/armv6-m/crt0.o (__libc_fini_array)
c:/program files/emblocks/1.44/share/em_armgcc/bin/../lib/gcc/arm-none-eabi/4.7.3/../../../../arm-none-eabi/lib/armv6-m\libc_n.a(lib_a-impure.o)
                              c:/program files/emblocks/1.44/share/em_armgcc/bin/../lib/gcc/arm-none-eabi/4.7.3/../../../../arm-none-eabi/lib/armv6-m\libc_n.a(lib_a-exit.o) (_global_impure_ptr)
c:/program files/emblocks/1.44/share/em_armgcc/bin/../lib/gcc/arm-none-eabi/4.7.3/../../../../arm-none-eabi/lib/armv6-m\libc_n.a(lib_a-init.o)
                              c:/program files/emblocks/1.44/share/em_armgcc/bin/../lib/gcc/arm-none-eabi/4.7.3/../../../../arm-none-eabi/lib/armv6-m/crt0.o (__libc_init_array)
c:/program files/emblocks/1.44/share/em_armgcc/bin/../lib/gcc/arm-none-eabi/4.7.3/../../../../arm-none-eabi/lib/armv6-m\libc_n.a(lib_a-memset.o)
                              c:/program files/emblocks/1.44/share/em_armgcc/bin/../lib/gcc/arm-none-eabi/4.7.3/../../../../arm-none-eabi/lib/armv6-m/crt0.o (memset)
c:/program files/emblocks/1.44/share/em_armgcc/bin/../lib/gcc/arm-none-eabi/4.7.3/../../../../arm-none-eabi/lib/armv6-m\libnosys.a(_exit.o)
                              c:/program files/emblocks/1.44/share/em_armgcc/bin/../lib/gcc/arm-none-eabi/4.7.3/../../../../arm-none-eabi/lib/armv6-m\libc_n.a(lib_a-exit.o) (_exit)

Allocating common symbols
Common symbol       size              file

Slow_Timers         0xf0              obj\release\slow_timer.o

Discarded input sections

 .text          0x00000000        0x0 c:/program files/emblocks/1.44/share/em_armgcc/bin/../lib/gcc/arm-none-eabi/4.7.3/armv6-m/crti.o
 .data          0x00000000        0x0 c:/program files/emblocks/1.44/share/em_armgcc/bin/../lib/gcc/arm-none-eabi/4.7.3/armv6-m/crti.o
 .bss           0x00000000        0x0 c:/program files/emblocks/1.44/share/em_armgcc/bin/../lib/gcc/arm-none-eabi/4.7.3/armv6-m/crti.o
 .data          0x00000000        0x4 c:/program files/emblocks/1.44/share/em_armgcc/bin/../lib/gcc/arm-none-eabi/4.7.3/armv6-m/crtbegin.o
 .data          0x00000000        0x0 c:/program files/emblocks/1.44/share/em_armgcc/bin/../lib/gcc/arm-none-eabi/4.7.3/../../../../arm-none-eabi/lib/armv6-m/crt0.o
 .bss           0x00000000        0x0 c:/program files/emblocks/1.44/share/em_armgcc/bin/../lib/gcc/arm-none-eabi/4.7.3/../../../../arm-none-eabi/lib/armv6-m/crt0.o
 .ARM.extab     0x00000000        0x0 c:/program files/emblocks/1.44/share/em_armgcc/bin/../lib/gcc/arm-none-eabi/4.7.3/../../../../arm-none-eabi/lib/armv6-m/crt0.o
 .text          0x00000000        0x0 obj\release\stm32f0xx_adc.o
 .data          0x00000000        0x0 obj\release\stm32f0xx_adc.o
 .bss           0x00000000        0x0 obj\release\stm32f0xx_adc.o
 .text.ADC_DeInit
                0x00000000       0x24 obj\release\stm32f0xx_adc.o
 .text.ADC_Init
                0x00000000       0x2c obj\release\stm32f0xx_adc.o
 .text.ADC_StructInit
                0x00000000       0x10 obj\release\stm32f0xx_adc.o
 .text.ADC_Cmd  0x00000000       0x18 obj\release\stm32f0xx_adc.o
 .text.ADC_ClockModeConfig
                0x00000000        0x4 obj\release\stm32f0xx_adc.o
 .text.ADC_JitterCmd
                0x00000000       0x14 obj\release\stm32f0xx_adc.o
 .text.ADC_AutoPowerOffCmd
                0x00000000       0x20 obj\release\stm32f0xx_adc.o
 .text.ADC_WaitModeCmd
[...]
Memory Configuration

Name             Origin             Length             Attributes
ROM              0x08000000         0x00010000         xr
RAM              0x20000000         0x00002000         xrw
*default*        0x00000000         0xffffffff

Linker script and memory map

LOAD c:/program files/emblocks/1.44/share/em_armgcc/bin/../lib/gcc/arm-none-eabi/4.7.3/armv6-m/crti.o
LOAD c:/program files/emblocks/1.44/share/em_armgcc/bin/../lib/gcc/arm-none-eabi/4.7.3/armv6-m/crtbegin.o
LOAD c:/program files/emblocks/1.44/share/em_armgcc/bin/../lib/gcc/arm-none-eabi/4.7.3/../../../../arm-none-eabi/lib/armv6-m/crt0.o
                0x00000000                __HEAP_SIZE = 0x0
                0x00000100                __STACK_SIZE = 0x100

.text           0x08000000      0x8d0
 *(.isr_vector)
 .isr_vector    0x08000000       0xc0 obj\release\startup_stm32f0xx.o
                0x08000000                __isr_vector
 *(.text*)
 .text          0x080000c0       0x60 c:/program files/emblocks/1.44/share/em_armgcc/bin/../lib/gcc/arm-none-eabi/4.7.3/armv6-m/crtbegin.o
 .text          0x08000120       0x74 c:/program files/emblocks/1.44/share/em_armgcc/bin/../lib/gcc/arm-none-eabi/4.7.3/../../../../arm-none-eabi/lib/armv6-m/crt0.o
                0x08000120                _start
                0x08000120                start
                0x08000120                _mainCRTStartup
 .text.GPIO_Init
                0x08000194       0xa0 obj\release\stm32f0xx_gpio.o
                0x08000194                GPIO_Init
 .text.RCC_AHBPeriphClockCmd
                0x08000234       0x1c obj\release\stm32f0xx_rcc.o
                0x08000234                RCC_AHBPeriphClockCmd
 .text.RCC_APB1PeriphClockCmd
                0x08000250       0x1c obj\release\stm32f0xx_rcc.o
                0x08000250                RCC_APB1PeriphClockCmd
 .text.DELAY    0x0800026c       0x38 obj\release\hd44780.o
 .text.LCD_STROBE
                0x080002a4       0x28 obj\release\hd44780.o
 .text.HIGHBITS
                0x080002cc       0x78 obj\release\hd44780.o
 .text.LOWBITS  0x08000344       0x78 obj\release\hd44780.o
 .text.gpio_init
                0x080003bc       0x30 obj\release\hd44780.o
                0x080003bc                gpio_init
 .text.lcd_cmd  0x080003ec       0x1c obj\release\hd44780.o
                0x080003ec                lcd_cmd
 .text.lcd_clrscr
                0x08000408       0x1c obj\release\hd44780.o
                0x08000408                lcd_clrscr
 .text.lcd_prints
                0x08000424       0x30 obj\release\hd44780.o
                0x08000424                lcd_prints
 .text.lcd_config
                0x08000454       0x24 obj\release\hd44780.o
                0x08000454                lcd_config
 .text.lcd_init
                0x08000478       0x50 obj\release\hd44780.o
                0x08000478                lcd_init
 .text.Init_Slow_Timer
                0x080004c8       0x58 obj\release\slow_timer.o
                0x080004c8                Init_Slow_Timer
 .text.Slow_Timer_Add
                0x08000520       0x38 obj\release\slow_timer.o
                0x08000520                Slow_Timer_Add
 .text.TIM3_IRQHandler
                0x08000558       0x70 obj\release\slow_timer.o
                0x08000558                TIM3_IRQHandler
 .text.LED      0x080005c8       0x14 obj\release\main.o
                0x080005c8                LED
 .text.startup.main
                0x080005dc       0x58 obj\release\main.o
                0x080005dc                main
 .text          0x08000634       0x80 obj\release\startup_stm32f0xx.o
                0x08000634                Reset_Handler
                0x08000668                NMI_Handler
                0x0800066a                HardFault_Handler
                0x0800066c                SVC_Handler
                0x0800066e                PendSV_Handler
                0x08000670                SysTick_Handler
                0x08000672                Default_Handler
                0x08000674                WWDG_IRQHandler
                0x08000676                PVD_IRQHandler
                0x08000678                RTC_IRQHandler
                0x0800067a                FLASH_IRQHandler
                0x0800067c                RCC_IRQHandler
                0x0800067e                EXTI0_1_IRQHandler
                0x08000680                EXTI2_3_IRQHandler
                0x08000682                EXTI4_15_IRQHandler
                0x08000684                TS_IRQHandler
                0x08000686                DMA1_Channel1_IRQHandler
                0x08000688                DMA1_Channel2_3_IRQHandler
                0x0800068a                DMA1_Channel4_5_IRQHandler
                0x0800068c                ADC1_COMP_IRQHandler
                0x0800068e                TIM1_BRK_UP_TRG_COM_IRQHandler
                0x08000690                TIM1_CC_IRQHandler
                0x08000692                TIM2_IRQHandler
                0x08000696                TIM6_DAC_IRQHandler
                0x08000698                TIM7_IRQHandler
                0x0800069a                TIM14_IRQHandler
                0x0800069c                TIM15_IRQHandler
                0x0800069e                TIM16_IRQHandler
                0x080006a0                TIM17_IRQHandler
                0x080006a2                I2C1_IRQHandler
                0x080006a4                I2C2_IRQHandler
                0x080006a6                SPI1_IRQHandler
                0x080006a8                SPI2_IRQHandler
                0x080006aa                USART1_IRQHandler
                0x080006ac                USART2_IRQHandler
                0x080006ae                USART3_4_IRQHandler
                0x080006b0                CEC_IRQHandler
                0x080006b2                USB_IRQHandler
 .text.SystemInit
                0x080006b4      0x110 obj\release\system_stm32f0xx.o
                0x080006b4                SystemInit
 .text.__register_exitproc
                0x080007c4       0x18 c:/program files/emblocks/1.44/share/em_armgcc/bin/../lib/gcc/arm-none-eabi/4.7.3/../../../../arm-none-eabi/lib/armv6-m\libc_n.a(lib_a-__atexit2.o)
                0x080007c4                __register_exitproc
 .text.exit     0x080007dc       0x30 c:/program files/emblocks/1.44/share/em_armgcc/bin/../lib/gcc/arm-none-eabi/4.7.3/../../../../arm-none-eabi/lib/armv6-m\libc_n.a(lib_a-exit.o)
                0x080007dc                exit
 .text.__libc_fini_array
                0x0800080c       0x2c c:/program files/emblocks/1.44/share/em_armgcc/bin/../lib/gcc/arm-none-eabi/4.7.3/../../../../arm-none-eabi/lib/armv6-m\libc_n.a(lib_a-fini.o)
                0x0800080c                __libc_fini_array
 .text.__libc_init_array
                0x08000838       0x4c c:/program files/emblocks/1.44/share/em_armgcc/bin/../lib/gcc/arm-none-eabi/4.7.3/../../../../arm-none-eabi/lib/armv6-m\libc_n.a(lib_a-init.o)
                0x08000838                __libc_init_array
 .text.memset   0x08000884       0x12 c:/program files/emblocks/1.44/share/em_armgcc/bin/../lib/gcc/arm-none-eabi/4.7.3/../../../../arm-none-eabi/lib/armv6-m\libc_n.a(lib_a-memset.o)
                0x08000884                memset
 *fill*         0x08000896        0x2 
 .text._exit    0x08000898        0x4 c:/program files/emblocks/1.44/share/em_armgcc/bin/../lib/gcc/arm-none-eabi/4.7.3/../../../../arm-none-eabi/lib/armv6-m\libnosys.a(_exit.o)
                0x08000898                _exit
 *(.init)
 .init          0x0800089c        0x4 c:/program files/emblocks/1.44/share/em_armgcc/bin/../lib/gcc/arm-none-eabi/4.7.3/armv6-m/crti.o
                0x0800089c                _init
 .init          0x080008a0        0x8 c:/program files/emblocks/1.44/share/em_armgcc/bin/../lib/gcc/arm-none-eabi/4.7.3/armv6-m/crtn.o
 *(.fini)
 .fini          0x080008a8        0x4 c:/program files/emblocks/1.44/share/em_armgcc/bin/../lib/gcc/arm-none-eabi/4.7.3/armv6-m/crti.o
                0x080008a8                _fini
 .fini          0x080008ac        0x8 c:/program files/emblocks/1.44/share/em_armgcc/bin/../lib/gcc/arm-none-eabi/4.7.3/armv6-m/crtn.o
 *crtbegin.o(.ctors)
 *crtbegin?.o(.ctors)
 *(EXCLUDE_FILE(*crtend.o *crtend?.o) .ctors)
 *(SORT(.ctors.*))
 *(.ctors)
 *crtbegin.o(.dtors)
 *crtbegin?.o(.dtors)
 *(EXCLUDE_FILE(*crtend.o *crtend?.o) .dtors)
 *(SORT(.dtors.*))
 *(.dtors)
 *(.rodata*)
 .rodata.str1.4
                0x080008b4       0x10 obj\release\main.o
 .rodata.str1.1
                0x080008c4        0x2 c:/program files/emblocks/1.44/share/em_armgcc/bin/../lib/gcc/arm-none-eabi/4.7.3/../../../../arm-none-eabi/lib/armv6-m\libc_n.a(lib_a-impure.o)
 *fill*         0x080008c6        0x2 
 .rodata._global_impure_ptr
                0x080008c8        0x4 c:/program files/emblocks/1.44/share/em_armgcc/bin/../lib/gcc/arm-none-eabi/4.7.3/../../../../arm-none-eabi/lib/armv6-m\libc_n.a(lib_a-impure.o)
                0x080008c8                _global_impure_ptr
 *(.eh_frame*)
 .eh_frame      0x080008cc        0x0 c:/program files/emblocks/1.44/share/em_armgcc/bin/../lib/gcc/arm-none-eabi/4.7.3/armv6-m/crtbegin.o
 .eh_frame      0x080008cc        0x4 c:/program files/emblocks/1.44/share/em_armgcc/bin/../lib/gcc/arm-none-eabi/4.7.3/armv6-m/crtend.o

.glue_7         0x080008d0        0x0
 .glue_7        0x00000000        0x0 linker stubs

.glue_7t        0x080008d0        0x0
 .glue_7t       0x00000000        0x0 linker stubs

.vfp11_veneer   0x080008d0        0x0
 .vfp11_veneer  0x00000000        0x0 linker stubs

.v4_bx          0x080008d0        0x0
 .v4_bx         0x00000000        0x0 linker stubs

.iplt           0x080008d0        0x0
 .iplt          0x00000000        0x0 c:/program files/emblocks/1.44/share/em_armgcc/bin/../lib/gcc/arm-none-eabi/4.7.3/armv6-m/crtbegin.o

.ARM.extab
 *(.ARM.extab* .gnu.linkonce.armextab.*)
                0x080008d0                __exidx_start = .

.ARM.exidx      0x080008d0        0x8
 *(.ARM.exidx* .gnu.linkonce.armexidx.*)
 .ARM.exidx     0x080008d0        0x8 c:/program files/emblocks/1.44/share/em_armgcc/bin/../lib/gcc/arm-none-eabi/4.7.3/../../../../arm-none-eabi/lib/armv6-m/crt0.o
                0x080008d8                __exidx_end = .
                0x080008d8                __etext = .

.rel.dyn        0x080008d8        0x0
 .rel.iplt      0x00000000        0x0 c:/program files/emblocks/1.44/share/em_armgcc/bin/../lib/gcc/arm-none-eabi/4.7.3/armv6-m/crtbegin.o

.data           0x20000000       0x6c load address 0x080008d8
                0x20000000                __data_start__ = .
 *(vtable)
 *(.data*)
 .data.impure_data
                0x20000000       0x64 c:/program files/emblocks/1.44/share/em_armgcc/bin/../lib/gcc/arm-none-eabi/4.7.3/../../../../arm-none-eabi/lib/armv6-m\libc_n.a(lib_a-impure.o)
                0x20000064                . = ALIGN (0x4)
                0x20000064                PROVIDE (__preinit_array_start, .)
 *(.preinit_array)
                0x20000064                PROVIDE (__preinit_array_end, .)
                0x20000064                . = ALIGN (0x4)
                0x20000064                PROVIDE (__init_array_start, .)
 *(SORT(.init_array.*))
 *(.init_array)
 .init_array    0x20000064        0x4 c:/program files/emblocks/1.44/share/em_armgcc/bin/../lib/gcc/arm-none-eabi/4.7.3/armv6-m/crtbegin.o
                0x20000068                PROVIDE (__init_array_end, .)
                0x20000068                . = ALIGN (0x4)
                0x20000068                PROVIDE (__fini_array_start, .)
 *(SORT(.fini_array.*))
 *(.fini_array)
 .fini_array    0x20000068        0x4 c:/program files/emblocks/1.44/share/em_armgcc/bin/../lib/gcc/arm-none-eabi/4.7.3/armv6-m/crtbegin.o
                0x2000006c                PROVIDE (__fini_array_end, .)
                0x2000006c                . = ALIGN (0x4)
                0x2000006c                __data_end__ = .

.jcr            0x2000006c        0x0 load address 0x08000944
 .jcr           0x2000006c        0x0 c:/program files/emblocks/1.44/share/em_armgcc/bin/../lib/gcc/arm-none-eabi/4.7.3/armv6-m/crtbegin.o

.igot.plt       0x2000006c        0x0 load address 0x08000944
 .igot.plt      0x00000000        0x0 c:/program files/emblocks/1.44/share/em_armgcc/bin/../lib/gcc/arm-none-eabi/4.7.3/armv6-m/crtbegin.o

.bss            0x2000006c      0x110 load address 0x08000944
                0x2000006c                __bss_start__ = .
 *(.bss*)
 .bss           0x2000006c       0x1c c:/program files/emblocks/1.44/share/em_armgcc/bin/../lib/gcc/arm-none-eabi/4.7.3/armv6-m/crtbegin.o
 .bss.lcd_cnt   0x20000088        0x1 obj\release\hd44780.o
                0x20000088                lcd_cnt
 *(COMMON)
 *fill*         0x20000089        0x3 
 COMMON         0x2000008c       0xf0 obj\release\slow_timer.o
                0x2000008c                Slow_Timers
                0x2000017c                __bss_end__ = .

.heap           0x20000180        0x0
                0x20000180                __end__ = .
                0x20000180                end = __end__
 *(.heap*)
 .heap          0x20000180        0x0 obj\release\startup_stm32f0xx.o
                0x20000180                __HeapLimit = .

.stack_dummy    0x20000180      0x100
 *(.stack)
 .stack         0x20000180      0x100 obj\release\startup_stm32f0xx.o
                0x20002000                __StackTop = (ORIGIN (RAM) + 0x2000)
                0x20001f00                __StackLimit = (__StackTop - SIZEOF (.stack_dummy))
                0x20002000                PROVIDE (__stack, __StackTop)
                0x00000001                ASSERT ((__StackLimit >= __HeapLimit), region RAM overflowed with stack)
LOAD obj\release\stm32f0xx_adc.o
LOAD obj\release\stm32f0xx_can.o
LOAD obj\release\stm32f0xx_cec.o
LOAD obj\release\stm32f0xx_comp.o
LOAD obj\release\stm32f0xx_crc.o
LOAD obj\release\stm32f0xx_crs.o
LOAD obj\release\stm32f0xx_dac.o
LOAD obj\release\stm32f0xx_dbgmcu.o
LOAD obj\release\stm32f0xx_dma.o
LOAD obj\release\stm32f0xx_exti.o
LOAD obj\release\stm32f0xx_flash.o
LOAD obj\release\stm32f0xx_gpio.o
LOAD obj\release\stm32f0xx_i2c.o
LOAD obj\release\stm32f0xx_iwdg.o
LOAD obj\release\stm32f0xx_misc.o
LOAD obj\release\stm32f0xx_pwr.o
LOAD obj\release\stm32f0xx_rcc.o
LOAD obj\release\stm32f0xx_rtc.o
LOAD obj\release\stm32f0xx_spi.o
LOAD obj\release\stm32f0xx_syscfg.o
LOAD obj\release\stm32f0xx_tim.o
LOAD obj\release\stm32f0xx_usart.o
LOAD obj\release\stm32f0xx_wwdg.o
LOAD obj\release\hd44780.o
LOAD obj\release\slow_timer.o
LOAD obj\release\main.o
LOAD obj\release\startup_stm32f0xx.o
LOAD obj\release\system_stm32f0xx.o
START GROUP
LOAD c:/program files/emblocks/1.44/share/em_armgcc/bin/../lib/gcc/arm-none-eabi/4.7.3/armv6-m\libgcc.a
LOAD c:/program files/emblocks/1.44/share/em_armgcc/bin/../lib/gcc/arm-none-eabi/4.7.3/../../../../arm-none-eabi/lib/armv6-m\libc_n.a
LOAD c:/program files/emblocks/1.44/share/em_armgcc/bin/../lib/gcc/arm-none-eabi/4.7.3/../../../../arm-none-eabi/lib/armv6-m\libg_n.a
LOAD c:/program files/emblocks/1.44/share/em_armgcc/bin/../lib/gcc/arm-none-eabi/4.7.3/../../../../arm-none-eabi/lib/armv6-m\libnosys.a
END GROUP
LOAD c:/program files/emblocks/1.44/share/em_armgcc/bin/../lib/gcc/arm-none-eabi/4.7.3/armv6-m/crtend.o
LOAD c:/program files/emblocks/1.44/share/em_armgcc/bin/../lib/gcc/arm-none-eabi/4.7.3/armv6-m/crtn.o
OUTPUT(bin\Release\injector.elf elf32-littlearm)

.ARM.attributes
                0x00000000       0x28
 .ARM.attributes
                0x00000000       0x1e c:/program files/emblocks/1.44/share/em_armgcc/bin/../lib/gcc/arm-none-eabi/4.7.3/armv6-m/crti.o
 .ARM.attributes
                0x0000001e       0x2c c:/program files/emblocks/1.44/share/em_armgcc/bin/../lib/gcc/arm-none-eabi/4.7.3/armv6-m/crtbegin.o
 .ARM.attributes
                0x0000004a       0x1c c:/program files/emblocks/1.44/share/em_armgcc/bin/../lib/gcc/arm-none-eabi/4.7.3/../../../../arm-none-eabi/lib/armv6-m/crt0.o
 .ARM.attributes
                0x00000066       0x31 obj\release\stm32f0xx_gpio.o
 .ARM.attributes
                0x00000097       0x31 obj\release\stm32f0xx_rcc.o
 .ARM.attributes
                0x000000c8       0x31 obj\release\hd44780.o
 .ARM.attributes
                0x000000f9       0x31 obj\release\slow_timer.o
 .ARM.attributes
                0x0000012a       0x31 obj\release\main.o
 .ARM.attributes
                0x0000015b       0x1b obj\release\startup_stm32f0xx.o
 .ARM.attributes
                0x00000176       0x31 obj\release\system_stm32f0xx.o
 .ARM.attributes
                0x000001a7       0x2c c:/program files/emblocks/1.44/share/em_armgcc/bin/../lib/gcc/arm-none-eabi/4.7.3/../../../../arm-none-eabi/lib/armv6-m\libc_n.a(lib_a-__atexit2.o)
 .ARM.attributes
                0x000001d3       0x2c c:/program files/emblocks/1.44/share/em_armgcc/bin/../lib/gcc/arm-none-eabi/4.7.3/../../../../arm-none-eabi/lib/armv6-m\libc_n.a(lib_a-exit.o)
 .ARM.attributes
                0x000001ff       0x2c c:/program files/emblocks/1.44/share/em_armgcc/bin/../lib/gcc/arm-none-eabi/4.7.3/../../../../arm-none-eabi/lib/armv6-m\libc_n.a(lib_a-fini.o)
 .ARM.attributes
                0x0000022b       0x2c c:/program files/emblocks/1.44/share/em_armgcc/bin/../lib/gcc/arm-none-eabi/4.7.3/../../../../arm-none-eabi/lib/armv6-m\libc_n.a(lib_a-impure.o)
 .ARM.attributes
                0x00000257       0x2c c:/program files/emblocks/1.44/share/em_armgcc/bin/../lib/gcc/arm-none-eabi/4.7.3/../../../../arm-none-eabi/lib/armv6-m\libc_n.a(lib_a-init.o)
 .ARM.attributes
                0x00000283       0x2c c:/program files/emblocks/1.44/share/em_armgcc/bin/../lib/gcc/arm-none-eabi/4.7.3/../../../../arm-none-eabi/lib/armv6-m\libc_n.a(lib_a-memset.o)
 .ARM.attributes
                0x000002af       0x2c c:/program files/emblocks/1.44/share/em_armgcc/bin/../lib/gcc/arm-none-eabi/4.7.3/../../../../arm-none-eabi/lib/armv6-m\libnosys.a(_exit.o)
 .ARM.attributes
                0x000002db       0x2c c:/program files/emblocks/1.44/share/em_armgcc/bin/../lib/gcc/arm-none-eabi/4.7.3/armv6-m/crtend.o
 .ARM.attributes
                0x00000307       0x1e c:/program files/emblocks/1.44/share/em_armgcc/bin/../lib/gcc/arm-none-eabi/4.7.3/armv6-m/crtn.o

.comment        0x00000000       0x4e
 .comment       0x00000000       0x4e obj\release\stm32f0xx_gpio.o
                                 0x4f (size before relaxing)
 .comment       0x00000000       0x4f obj\release\stm32f0xx_rcc.o
 .comment       0x00000000       0x4f obj\release\hd44780.o
 .comment       0x00000000       0x4f obj\release\slow_timer.o
 .comment       0x00000000       0x4f obj\release\main.o
 .comment       0x00000000       0x4f obj\release\system_stm32f0xx.o

.debug_info     0x00000000     0x2f62
 .debug_info    0x00000000      0x76d obj\release\stm32f0xx_gpio.o
 .debug_info    0x0000076d      0xb25 obj\release\stm32f0xx_rcc.o
 .debug_info    0x00001292      0xd01 obj\release\hd44780.o
 .debug_info    0x00001f93      0x7e7 obj\release\slow_timer.o
 .debug_info    0x0000277a      0x45c obj\release\main.o
 .debug_info    0x00002bd6       0x59 obj\release\startup_stm32f0xx.o
 .debug_info    0x00002c2f      0x333 obj\release\system_stm32f0xx.o

.debug_abbrev   0x00000000      0xd16
 .debug_abbrev  0x00000000      0x1fb obj\release\stm32f0xx_gpio.o
 .debug_abbrev  0x000001fb      0x268 obj\release\stm32f0xx_rcc.o
 .debug_abbrev  0x00000463      0x30a obj\release\hd44780.o
 .debug_abbrev  0x0000076d      0x29d obj\release\slow_timer.o
 .debug_abbrev  0x00000a0a      0x1a8 obj\release\main.o
 .debug_abbrev  0x00000bb2       0x14 obj\release\startup_stm32f0xx.o
 .debug_abbrev  0x00000bc6      0x150 obj\release\system_stm32f0xx.o

.debug_loc      0x00000000     0x1cbb
 .debug_loc     0x00000000      0x3ea obj\release\stm32f0xx_gpio.o
 .debug_loc     0x000003ea      0xc3b obj\release\stm32f0xx_rcc.o
 .debug_loc     0x00001025      0x87d obj\release\hd44780.o
 .debug_loc     0x000018a2      0x259 obj\release\slow_timer.o
 .debug_loc     0x00001afb       0x2c obj\release\main.o
 .debug_loc     0x00001b27      0x194 obj\release\system_stm32f0xx.o

.debug_aranges  0x00000000      0x398
 .debug_aranges
                0x00000000       0x80 obj\release\stm32f0xx_gpio.o
 .debug_aranges
                0x00000080      0x160 obj\release\stm32f0xx_rcc.o
 .debug_aranges
                0x000001e0       0xf0 obj\release\hd44780.o
 .debug_aranges
                0x000002d0       0x58 obj\release\slow_timer.o
 .debug_aranges
                0x00000328       0x28 obj\release\main.o
 .debug_aranges
                0x00000350       0x20 obj\release\startup_stm32f0xx.o
 .debug_aranges
                0x00000370       0x28 obj\release\system_stm32f0xx.o

.debug_ranges   0x00000000      0x3b8
 .debug_ranges  0x00000000       0x70 obj\release\stm32f0xx_gpio.o
 .debug_ranges  0x00000070      0x150 obj\release\stm32f0xx_rcc.o
 .debug_ranges  0x000001c0      0x110 obj\release\hd44780.o
 .debug_ranges  0x000002d0       0x78 obj\release\slow_timer.o
 .debug_ranges  0x00000348       0x18 obj\release\main.o
 .debug_ranges  0x00000360       0x58 obj\release\system_stm32f0xx.o

.debug_line     0x00000000     0x10f3
 .debug_line    0x00000000      0x258 obj\release\stm32f0xx_gpio.o
 .debug_line    0x00000258      0x54c obj\release\stm32f0xx_rcc.o
 .debug_line    0x000007a4      0x3fa obj\release\hd44780.o
 .debug_line    0x00000b9e      0x21e obj\release\slow_timer.o
 .debug_line    0x00000dbc      0x16b obj\release\main.o
 .debug_line    0x00000f27       0x87 obj\release\startup_stm32f0xx.o
 .debug_line    0x00000fae      0x145 obj\release\system_stm32f0xx.o

.debug_str      0x00000000      0xf72
 .debug_str     0x00000000      0x3ea obj\release\stm32f0xx_gpio.o
                                0x41e (size before relaxing)
 .debug_str     0x000003ea      0x57a obj\release\stm32f0xx_rcc.o
                                0x6e6 (size before relaxing)
 .debug_str     0x00000964      0x1c2 obj\release\hd44780.o
                                0x47e (size before relaxing)
 .debug_str     0x00000b26      0x3c4 obj\release\slow_timer.o
                                0x515 (size before relaxing)
 .debug_str     0x00000eea       0x10 obj\release\main.o
                                0x359 (size before relaxing)
 .debug_str     0x00000efa       0x78 obj\release\system_stm32f0xx.o
                                0x1ff (size before relaxing)

.debug_frame    0x00000000      0x958
 .debug_frame   0x00000000      0x118 obj\release\stm32f0xx_gpio.o
 .debug_frame   0x00000118      0x350 obj\release\stm32f0xx_rcc.o
 .debug_frame   0x00000468      0x2a8 obj\release\hd44780.o
 .debug_frame   0x00000710       0xd8 obj\release\slow_timer.o
 .debug_frame   0x000007e8       0x38 obj\release\main.o
 .debug_frame   0x00000820       0x40 obj\release\system_stm32f0xx.o
 .debug_frame   0x00000860       0x28 c:/program files/emblocks/1.44/share/em_armgcc/bin/../lib/gcc/arm-none-eabi/4.7.3/../../../../arm-none-eabi/lib/armv6-m\libc_n.a(lib_a-__atexit2.o)
 .debug_frame   0x00000888       0x28 c:/program files/emblocks/1.44/share/em_armgcc/bin/../lib/gcc/arm-none-eabi/4.7.3/../../../../arm-none-eabi/lib/armv6-m\libc_n.a(lib_a-exit.o)
 .debug_frame   0x000008b0       0x2c c:/program files/emblocks/1.44/share/em_armgcc/bin/../lib/gcc/arm-none-eabi/4.7.3/../../../../arm-none-eabi/lib/armv6-m\libc_n.a(lib_a-fini.o)
 .debug_frame   0x000008dc       0x2c c:/program files/emblocks/1.44/share/em_armgcc/bin/../lib/gcc/arm-none-eabi/4.7.3/../../../../arm-none-eabi/lib/armv6-m\libc_n.a(lib_a-init.o)
 .debug_frame   0x00000908       0x28 c:/program files/emblocks/1.44/share/em_armgcc/bin/../lib/gcc/arm-none-eabi/4.7.3/../../../../arm-none-eabi/lib/armv6-m\libc_n.a(lib_a-memset.o)
 .debug_frame   0x00000930       0x28 c:/program files/emblocks/1.44/share/em_armgcc/bin/../lib/gcc/arm-none-eabi/4.7.3/../../../../arm-none-eabi/lib/armv6-m\libnosys.a(_exit.o)
