Archive member included because of file (symbol)

c:/program files/emblocks/1.44/share/em_armgcc/bin/../lib/gcc/arm-none-eabi/4.7.3/armv6-m\libgcc.a(_udivsi3.o)
                              obj\debug\stm32f0xx_rcc.o (__aeabi_uidiv)
c:/program files/emblocks/1.44/share/em_armgcc/bin/../lib/gcc/arm-none-eabi/4.7.3/armv6-m\libgcc.a(_divsi3.o)
                              obj\debug\hd44780.o (__aeabi_idiv)
c:/program files/emblocks/1.44/share/em_armgcc/bin/../lib/gcc/arm-none-eabi/4.7.3/armv6-m\libgcc.a(_dvmd_tls.o)
                              c:/program files/emblocks/1.44/share/em_armgcc/bin/../lib/gcc/arm-none-eabi/4.7.3/armv6-m\libgcc.a(_udivsi3.o) (__aeabi_idiv0)
c:/program files/emblocks/1.44/share/em_armgcc/bin/../lib/gcc/arm-none-eabi/4.7.3/../../../../arm-none-eabi/lib/armv6-m\libc_n.a(lib_a-__atexit2.o)
                              c:/program files/emblocks/1.44/share/em_armgcc/bin/../lib/gcc/arm-none-eabi/4.7.3/../../../../arm-none-eabi/lib/armv6-m/crt0.o (__register_exitproc)
c:/program files/emblocks/1.44/share/em_armgcc/bin/../lib/gcc/arm-none-eabi/4.7.3/../../../../arm-none-eabi/lib/armv6-m\libc_n.a(lib_a-exit.o)
                              c:/program files/emblocks/1.44/share/em_armgcc/bin/../lib/gcc/arm-none-eabi/4.7.3/../../../../arm-none-eabi/lib/armv6-m/crt0.o (exit)
c:/program files/emblocks/1.44/share/em_armgcc/bin/../lib/gcc/arm-none-eabi/4.7.3/../../../../arm-none-eabi/lib/armv6-m\libc_n.a(lib_a-fini.o)
                              c:/program files/emblocks/1.44/share/em_armgcc/bin/../lib/gcc/arm-none-eabi/4.7.3/../../../../arm-none-eabi/lib/armv6-m/crt0.o (__libc_fini_array)
c:/program files/emblocks/1.44/share/em_armgcc/bin/../lib/gcc/arm-none-eabi/4.7.3/../../../../arm-none-eabi/lib/armv6-m\libc_n.a(lib_a-impure.o)
                              c:/program files/emblocks/1.44/share/em_armgcc/bin/../lib/gcc/arm-none-eabi/4.7.3/../../../../arm-none-eabi/lib/armv6-m\libc_n.a(lib_a-exit.o) (_global_impure_ptr)
c:/program files/emblocks/1.44/share/em_armgcc/bin/../lib/gcc/arm-none-eabi/4.7.3/../../../../arm-none-eabi/lib/armv6-m\libc_n.a(lib_a-init.o)
                              c:/program files/emblocks/1.44/share/em_armgcc/bin/../lib/gcc/arm-none-eabi/4.7.3/../../../../arm-none-eabi/lib/armv6-m/crt0.o (__libc_init_array)
c:/program files/emblocks/1.44/share/em_armgcc/bin/../lib/gcc/arm-none-eabi/4.7.3/../../../../arm-none-eabi/lib/armv6-m\libc_n.a(lib_a-memset.o)
                              c:/program files/emblocks/1.44/share/em_armgcc/bin/../lib/gcc/arm-none-eabi/4.7.3/../../../../arm-none-eabi/lib/armv6-m/crt0.o (memset)
c:/program files/emblocks/1.44/share/em_armgcc/bin/../lib/gcc/arm-none-eabi/4.7.3/../../../../arm-none-eabi/lib/armv6-m\libnosys.a(_exit.o)
                              c:/program files/emblocks/1.44/share/em_armgcc/bin/../lib/gcc/arm-none-eabi/4.7.3/../../../../arm-none-eabi/lib/armv6-m\libc_n.a(lib_a-exit.o) (_exit)

Allocating common symbols
Common symbol       size              file

TIM_TimeBaseStructure
                    0xc               obj\debug\pwm.o
old_enc1            0x2               obj\debug\test1.o
button              0x1               obj\debug\test1.o
TIM_OCInitStructure
                    0x14              obj\debug\pwm.o
old_enc2            0x2               obj\debug\test1.o
Slow_Timers         0xf0              obj\debug\slow_timer.o
selectedMenuItem    0x4               obj\debug\menu.o
btn                 0x1               obj\debug\buttons.o

Discarded input sections

 .text          0x00000000        0x0 c:/program files/emblocks/1.44/share/em_armgcc/bin/../lib/gcc/arm-none-eabi/4.7.3/armv6-m/crti.o
 .data          0x00000000        0x0 c:/program files/emblocks/1.44/share/em_armgcc/bin/../lib/gcc/arm-none-eabi/4.7.3/armv6-m/crti.o
 .bss           0x00000000        0x0 c:/program files/emblocks/1.44/share/em_armgcc/bin/../lib/gcc/arm-none-eabi/4.7.3/armv6-m/crti.o
 .data          0x00000000        0x4 c:/program files/emblocks/1.44/share/em_armgcc/bin/../lib/gcc/arm-none-eabi/4.7.3/armv6-m/crtbegin.o
 .data          0x00000000        0x0 c:/program files/emblocks/1.44/share/em_armgcc/bin/../lib/gcc/arm-none-eabi/4.7.3/../../../../arm-none-eabi/lib/armv6-m/crt0.o
 .bss           0x00000000        0x0 c:/program files/emblocks/1.44/share/em_armgcc/bin/../lib/gcc/arm-none-eabi/4.7.3/../../../../arm-none-eabi/lib/armv6-m/crt0.o
 .ARM.extab     0x00000000        0x0 c:/program files/emblocks/1.44/share/em_armgcc/bin/../lib/gcc/arm-none-eabi/4.7.3/../../../../arm-none-eabi/lib/armv6-m/crt0.o
 .group         0x00000000        0x8 obj\debug\stm32f0xx_adc.o
 .group         0x00000000        0x8 obj\debug\stm32f0xx_adc.o
 .group         0x00000000        0x8 obj\debug\stm32f0xx_adc.o
 .group         0x00000000        0x8 obj\debug\stm32f0xx_adc.o
 .group         0x00000000        0x8 obj\debug\stm32f0xx_adc.o
 .group         0x00000000        0x8 obj\debug\stm32f0xx_adc.o
[...]
Memory Configuration

Name             Origin             Length             Attributes
ROM              0x08000000         0x00010000         xr
RAM              0x20000000         0x00002000         xrw
*default*        0x00000000         0xffffffff

Linker script and memory map

LOAD c:/program files/emblocks/1.44/share/em_armgcc/bin/../lib/gcc/arm-none-eabi/4.7.3/armv6-m/crti.o
LOAD c:/program files/emblocks/1.44/share/em_armgcc/bin/../lib/gcc/arm-none-eabi/4.7.3/armv6-m/crtbegin.o
LOAD c:/program files/emblocks/1.44/share/em_armgcc/bin/../lib/gcc/arm-none-eabi/4.7.3/../../../../arm-none-eabi/lib/armv6-m/crt0.o
                0x00000000                __HEAP_SIZE = 0x0
                0x00000100                __STACK_SIZE = 0x100

.text           0x08000000     0x1ff0
 *(.isr_vector)
 .isr_vector    0x08000000       0xc0 obj\debug\startup_stm32f0xx.o
                0x08000000                __isr_vector
 *(.text*)
 .text          0x080000c0       0x60 c:/program files/emblocks/1.44/share/em_armgcc/bin/../lib/gcc/arm-none-eabi/4.7.3/armv6-m/crtbegin.o
 .text          0x08000120       0x74 c:/program files/emblocks/1.44/share/em_armgcc/bin/../lib/gcc/arm-none-eabi/4.7.3/../../../../arm-none-eabi/lib/armv6-m/crt0.o
                0x08000120                _start
                0x08000120                start
                0x08000120                _mainCRTStartup
 .text.GPIO_Init
                0x08000194      0x138 obj\debug\stm32f0xx_gpio.o
                0x08000194                GPIO_Init
 .text.GPIO_PinAFConfig
                0x080002cc       0x9c obj\debug\stm32f0xx_gpio.o
                0x080002cc                GPIO_PinAFConfig
 .text.RCC_AHBPeriphClockCmd
                0x08000368       0x3c obj\debug\stm32f0xx_rcc.o
                0x08000368                RCC_AHBPeriphClockCmd
 .text.RCC_APB2PeriphClockCmd
                0x080003a4       0x3c obj\debug\stm32f0xx_rcc.o
                0x080003a4                RCC_APB2PeriphClockCmd
 .text.TIM_TimeBaseInit
                0x080003e0       0xf0 obj\debug\stm32f0xx_tim.o
                0x080003e0                TIM_TimeBaseInit
 .text.TIM_Cmd  0x080004d0       0x40 obj\debug\stm32f0xx_tim.o
                0x080004d0                TIM_Cmd
 .text.TIM_CtrlPWMOutputs
                0x08000510       0x4c obj\debug\stm32f0xx_tim.o
                0x08000510                TIM_CtrlPWMOutputs
 .text.TIM_OC1Init
                0x0800055c      0x1a4 obj\debug\stm32f0xx_tim.o
                0x0800055c                TIM_OC1Init
 .text.itoa_fix
                0x08000700       0xf8 obj\debug\common_funcs.o
                0x08000700                itoa_fix
 .text.gpio_init
                0x080007f8       0x48 obj\debug\hd44780.o
                0x080007f8                gpio_init
 .text.DELAY    0x08000840       0x38 obj\debug\hd44780.o
 .text.LCD_STROBE
                0x08000878       0x44 obj\debug\hd44780.o
 .text.HIGHBITS
                0x080008bc       0xc8 obj\debug\hd44780.o
 .text.LOWBITS  0x08000984       0xc8 obj\debug\hd44780.o
 .text.lcd_cmd  0x08000a4c       0x34 obj\debug\hd44780.o
                0x08000a4c                lcd_cmd
 .text.lcd_clrscr
                0x08000a80       0x24 obj\debug\hd44780.o
                0x08000a80                lcd_clrscr
 .text.lcd_goto
                0x08000aa4       0x64 obj\debug\hd44780.o
                0x08000aa4                lcd_goto
 .text.lcd_prints
                0x08000b08       0x4c obj\debug\hd44780.o
                0x08000b08                lcd_prints
 .text.lcd_config
                0x08000b54       0x38 obj\debug\hd44780.o
                0x08000b54                lcd_config
 .text.lcd_init
                0x08000b8c       0x54 obj\debug\hd44780.o
                0x08000b8c                lcd_init
 .text.NULL_HANDLER
                0x08000be0        0x8 obj\debug\menu.o
                0x08000be0                NULL_HANDLER
 .text.InitMenu
                0x08000be8       0x18 obj\debug\menu.o
                0x08000be8                InitMenu
 .text.GetCurMenuName
                0x08000c00       0x20 obj\debug\menu.o
                0x08000c00                GetCurMenuName
 .text.GetCurMenuView
                0x08000c20       0x14 obj\debug\menu.o
                0x08000c20                GetCurMenuView
 .text.MenuChanged
                0x08000c34       0x14 obj\debug\menu.o
                0x08000c34                MenuChanged
 .text.changeMenu
                0x08000c48       0x80 obj\debug\menu.o
                0x08000c48                changeMenu
 .text.ProcessMenu
                0x08000cc8       0x94 obj\debug\menu.o
                0x08000cc8                ProcessMenu
 .text.callView
                0x08000d5c       0x14 obj\debug\menu.o
                0x08000d5c                callView
 .text.test1    0x08000d70       0xf0 obj\debug\test1.o
                0x08000d70                test1
 .text.UpdateLcd
                0x08000e60       0xc4 obj\debug\test1.o
                0x08000e60                UpdateLcd
 .text.EncoderScan_1
                0x08000f24       0x28 obj\debug\test1.o
                0x08000f24                EncoderScan_1
 .text.EncoderScan_2
                0x08000f4c       0x28 obj\debug\test1.o
                0x08000f4c                EncoderScan_2
 .text.LED8     0x08000f74       0x4c obj\debug\test1.o
                0x08000f74                LED8
 .text.test2    0x08000fc0        0x8 obj\debug\test2.o
                0x08000fc0                test2
 .text.NVIC_EnableIRQ
                0x08000fc8       0x2c obj\debug\slow_timer.o
 .text.NVIC_SetPriority
                0x08000ff4       0xe0 obj\debug\slow_timer.o
 .text.Slow_Timer_Delete
                0x080010d4       0x4c obj\debug\slow_timer.o
                0x080010d4                Slow_Timer_Delete
 .text.Init_Slow_Timer
                0x08001120       0xac obj\debug\slow_timer.o
                0x08001120                Init_Slow_Timer
 .text.Slow_Timer_Add
                0x080011cc       0xcc obj\debug\slow_timer.o
                0x080011cc                Slow_Timer_Add
 .text.TIM3_IRQHandler
                0x08001298      0x114 obj\debug\slow_timer.o
                0x08001298                TIM3_IRQHandler
 .text.buttons_init
                0x080013ac       0x3c obj\debug\buttons.o
                0x080013ac                buttons_init
 .text.check_btn
                0x080013e8       0xbc obj\debug\buttons.o
                0x080013e8                check_btn
 .text.read_btn
                0x080014a4       0x24 obj\debug\buttons.o
                0x080014a4                read_btn
 .text.EncoderInit
                0x080014c8       0x68 obj\debug\encoders.o
                0x080014c8                EncoderInit
 .text.EncoderScan1
                0x08001530      0x11c obj\debug\encoders.o
                0x08001530                EncoderScan1
 .text.EncoderScan2
                0x0800164c      0x120 obj\debug\encoders.o
                0x0800164c                EncoderScan2
 .text.main     0x0800176c       0x3c obj\debug\main.o
                0x0800176c                main
 .text.Init     0x080017a8       0x24 obj\debug\main.o
                0x080017a8                Init
 .text.PWM_init
                0x080017cc       0xd4 obj\debug\pwm.o
                0x080017cc                PWM_init
 .text.PWM_start
                0x080018a0       0x20 obj\debug\pwm.o
                0x080018a0                PWM_start
 .text.PWM_stop
                0x080018c0       0x20 obj\debug\pwm.o
                0x080018c0                PWM_stop
 .text.PWM_update
                0x080018e0       0xe0 obj\debug\pwm.o
                0x080018e0                PWM_update
 .text.get_tact
                0x080019c0       0x28 obj\debug\pwm.o
                0x080019c0                get_tact
 .text.PWM_set  0x080019e8       0xf4 obj\debug\pwm.o
                0x080019e8                PWM_set
 .text          0x08001adc       0x80 obj\debug\startup_stm32f0xx.o
                0x08001adc                Reset_Handler
                0x08001b10                NMI_Handler
                0x08001b12                HardFault_Handler
                0x08001b14                SVC_Handler
                0x08001b16                PendSV_Handler
                0x08001b18                SysTick_Handler
                0x08001b1a                Default_Handler
                0x08001b1c                WWDG_IRQHandler
                0x08001b1e                PVD_IRQHandler
                0x08001b20                RTC_IRQHandler
                0x08001b22                FLASH_IRQHandler
                0x08001b24                RCC_IRQHandler
                0x08001b26                EXTI0_1_IRQHandler
                0x08001b28                EXTI2_3_IRQHandler
                0x08001b2a                EXTI4_15_IRQHandler
                0x08001b2c                TS_IRQHandler
                0x08001b2e                DMA1_Channel1_IRQHandler
                0x08001b30                DMA1_Channel2_3_IRQHandler
                0x08001b32                DMA1_Channel4_5_IRQHandler
                0x08001b34                ADC1_COMP_IRQHandler
                0x08001b36                TIM1_BRK_UP_TRG_COM_IRQHandler
                0x08001b38                TIM1_CC_IRQHandler
                0x08001b3a                TIM2_IRQHandler
                0x08001b3e                TIM6_DAC_IRQHandler
                0x08001b40                TIM7_IRQHandler
                0x08001b42                TIM14_IRQHandler
                0x08001b44                TIM15_IRQHandler
                0x08001b46                TIM16_IRQHandler
                0x08001b48                TIM17_IRQHandler
                0x08001b4a                I2C1_IRQHandler
                0x08001b4c                I2C2_IRQHandler
                0x08001b4e                SPI1_IRQHandler
                0x08001b50                SPI2_IRQHandler
                0x08001b52                USART1_IRQHandler
                0x08001b54                USART2_IRQHandler
                0x08001b56                USART3_4_IRQHandler
                0x08001b58                CEC_IRQHandler
                0x08001b5a                USB_IRQHandler
 .text.SystemInit
                0x08001b5c       0x8c obj\debug\system_stm32f0xx.o
                0x08001b5c                SystemInit
 .text.SetSysClock
                0x08001be8       0xe0 obj\debug\system_stm32f0xx.o
 .text          0x08001cc8       0x9c c:/program files/emblocks/1.44/share/em_armgcc/bin/../lib/gcc/arm-none-eabi/4.7.3/armv6-m\libgcc.a(_udivsi3.o)
                0x08001cc8                __aeabi_uidiv
                0x08001cc8                __udivsi3
                0x08001d50                __aeabi_uidivmod
 .text          0x08001d64       0xc0 c:/program files/emblocks/1.44/share/em_armgcc/bin/../lib/gcc/arm-none-eabi/4.7.3/armv6-m\libgcc.a(_divsi3.o)
                0x08001d64                __divsi3
                0x08001d64                __aeabi_idiv
                0x08001e10                __aeabi_idivmod
 .text          0x08001e24        0x4 c:/program files/emblocks/1.44/share/em_armgcc/bin/../lib/gcc/arm-none-eabi/4.7.3/armv6-m\libgcc.a(_dvmd_tls.o)
                0x08001e24                __aeabi_idiv0
                0x08001e24                __aeabi_ldiv0
 .text.__register_exitproc
                0x08001e28       0x18 c:/program files/emblocks/1.44/share/em_armgcc/bin/../lib/gcc/arm-none-eabi/4.7.3/../../../../arm-none-eabi/lib/armv6-m\libc_n.a(lib_a-__atexit2.o)
                0x08001e28                __register_exitproc
 .text.exit     0x08001e40       0x30 c:/program files/emblocks/1.44/share/em_armgcc/bin/../lib/gcc/arm-none-eabi/4.7.3/../../../../arm-none-eabi/lib/armv6-m\libc_n.a(lib_a-exit.o)
                0x08001e40                exit
 .text.__libc_fini_array
                0x08001e70       0x2c c:/program files/emblocks/1.44/share/em_armgcc/bin/../lib/gcc/arm-none-eabi/4.7.3/../../../../arm-none-eabi/lib/armv6-m\libc_n.a(lib_a-fini.o)
                0x08001e70                __libc_fini_array
 .text.__libc_init_array
                0x08001e9c       0x4c c:/program files/emblocks/1.44/share/em_armgcc/bin/../lib/gcc/arm-none-eabi/4.7.3/../../../../arm-none-eabi/lib/armv6-m\libc_n.a(lib_a-init.o)
                0x08001e9c                __libc_init_array
 .text.memset   0x08001ee8       0x12 c:/program files/emblocks/1.44/share/em_armgcc/bin/../lib/gcc/arm-none-eabi/4.7.3/../../../../arm-none-eabi/lib/armv6-m\libc_n.a(lib_a-memset.o)
                0x08001ee8                memset
 *fill*         0x08001efa        0x2 
 .text._exit    0x08001efc        0x4 c:/program files/emblocks/1.44/share/em_armgcc/bin/../lib/gcc/arm-none-eabi/4.7.3/../../../../arm-none-eabi/lib/armv6-m\libnosys.a(_exit.o)
                0x08001efc                _exit
 *(.init)
 .init          0x08001f00        0x4 c:/program files/emblocks/1.44/share/em_armgcc/bin/../lib/gcc/arm-none-eabi/4.7.3/armv6-m/crti.o
                0x08001f00                _init
 .init          0x08001f04        0x8 c:/program files/emblocks/1.44/share/em_armgcc/bin/../lib/gcc/arm-none-eabi/4.7.3/armv6-m/crtn.o
 *(.fini)
 .fini          0x08001f0c        0x4 c:/program files/emblocks/1.44/share/em_armgcc/bin/../lib/gcc/arm-none-eabi/4.7.3/armv6-m/crti.o
                0x08001f0c                _fini
 .fini          0x08001f10        0x8 c:/program files/emblocks/1.44/share/em_armgcc/bin/../lib/gcc/arm-none-eabi/4.7.3/armv6-m/crtn.o
 *crtbegin.o(.ctors)
 *crtbegin?.o(.ctors)
 *(EXCLUDE_FILE(*crtend.o *crtend?.o) .ctors)
 *(SORT(.ctors.*))
 *(.ctors)
 *crtbegin.o(.dtors)
 *crtbegin?.o(.dtors)
 *(EXCLUDE_FILE(*crtend.o *crtend?.o) .dtors)
 *(SORT(.dtors.*))
 *(.dtors)
 *(.rodata*)
 .rodata        0x08001f18       0x14 obj\debug\common_funcs.o
 .rodata.changeMenu
                0x08001f2c       0x18 obj\debug\menu.o
 .rodata        0x08001f44       0x1c obj\debug\test1.o
 .rodata.check_btn
                0x08001f60       0x84 obj\debug\buttons.o
 .rodata.str1.1
                0x08001fe4        0x2 c:/program files/emblocks/1.44/share/em_armgcc/bin/../lib/gcc/arm-none-eabi/4.7.3/../../../../arm-none-eabi/lib/armv6-m\libc_n.a(lib_a-impure.o)
 *fill*         0x08001fe6        0x2 
 .rodata._global_impure_ptr
                0x08001fe8        0x4 c:/program files/emblocks/1.44/share/em_armgcc/bin/../lib/gcc/arm-none-eabi/4.7.3/../../../../arm-none-eabi/lib/armv6-m\libc_n.a(lib_a-impure.o)
                0x08001fe8                _global_impure_ptr
 *(.eh_frame*)
 .eh_frame      0x08001fec        0x0 c:/program files/emblocks/1.44/share/em_armgcc/bin/../lib/gcc/arm-none-eabi/4.7.3/armv6-m/crtbegin.o
 .eh_frame      0x08001fec        0x4 c:/program files/emblocks/1.44/share/em_armgcc/bin/../lib/gcc/arm-none-eabi/4.7.3/armv6-m/crtend.o

.glue_7         0x08001ff0        0x0
 .glue_7        0x00000000        0x0 linker stubs

.glue_7t        0x08001ff0        0x0
 .glue_7t       0x00000000        0x0 linker stubs

.vfp11_veneer   0x08001ff0        0x0
 .vfp11_veneer  0x00000000        0x0 linker stubs

.v4_bx          0x08001ff0        0x0
 .v4_bx         0x00000000        0x0 linker stubs

.iplt           0x08001ff0        0x0
 .iplt          0x00000000        0x0 c:/program files/emblocks/1.44/share/em_armgcc/bin/../lib/gcc/arm-none-eabi/4.7.3/armv6-m/crtbegin.o

.ARM.extab
 *(.ARM.extab* .gnu.linkonce.armextab.*)
                0x08001ff0                __exidx_start = .

.ARM.exidx      0x08001ff0        0x8
 *(.ARM.exidx* .gnu.linkonce.armexidx.*)
 .ARM.exidx     0x08001ff0        0x8 c:/program files/emblocks/1.44/share/em_armgcc/bin/../lib/gcc/arm-none-eabi/4.7.3/../../../../arm-none-eabi/lib/armv6-m/crt0.o
                0x08001ff8                __exidx_end = .
                0x08001ff8                __etext = .

.rel.dyn        0x08001ff8        0x0
 .rel.iplt      0x00000000        0x0 c:/program files/emblocks/1.44/share/em_armgcc/bin/../lib/gcc/arm-none-eabi/4.7.3/armv6-m/crtbegin.o

.data           0x20000000       0xfc load address 0x08001ff8
                0x20000000                __data_start__ = .
 *(vtable)
 *(.data*)
 .data.NULL_ENTRY
                0x20000000       0x2c obj\debug\menu.o
                0x20000000                NULL_ENTRY
 .data.menu_changed
                0x2000002c        0x1 obj\debug\menu.o
                0x2000002c                menu_changed
 *fill*         0x2000002d        0x3 
 .data.test1_menu
                0x20000030       0x2c obj\debug\menu.o
                0x20000030                test1_menu
 .data.test2_menu
                0x2000005c       0x2c obj\debug\menu.o
                0x2000005c                test2_menu
 .data.step1    0x20000088        0x2 obj\debug\test1.o
                0x20000088                step1
 .data.step2    0x2000008a        0x2 obj\debug\test1.o
                0x2000008a                step2
 .data.old_val.4873
                0x2000008c        0x1 obj\debug\encoders.o
 .data.old_val.4855
                0x2000008d        0x1 obj\debug\encoders.o
 *fill*         0x2000008e        0x2 
 .data.impure_data
                0x20000090       0x64 c:/program files/emblocks/1.44/share/em_armgcc/bin/../lib/gcc/arm-none-eabi/4.7.3/../../../../arm-none-eabi/lib/armv6-m\libc_n.a(lib_a-impure.o)
                0x200000f4                . = ALIGN (0x4)
                0x200000f4                PROVIDE (__preinit_array_start, .)
 *(.preinit_array)
                0x200000f4                PROVIDE (__preinit_array_end, .)
                0x200000f4                . = ALIGN (0x4)
                0x200000f4                PROVIDE (__init_array_start, .)
 *(SORT(.init_array.*))
 *(.init_array)
 .init_array    0x200000f4        0x4 c:/program files/emblocks/1.44/share/em_armgcc/bin/../lib/gcc/arm-none-eabi/4.7.3/armv6-m/crtbegin.o
                0x200000f8                PROVIDE (__init_array_end, .)
                0x200000f8                . = ALIGN (0x4)
                0x200000f8                PROVIDE (__fini_array_start, .)
 *(SORT(.fini_array.*))
 *(.fini_array)
 .fini_array    0x200000f8        0x4 c:/program files/emblocks/1.44/share/em_armgcc/bin/../lib/gcc/arm-none-eabi/4.7.3/armv6-m/crtbegin.o
                0x200000fc                PROVIDE (__fini_array_end, .)
                0x200000fc                . = ALIGN (0x4)
                0x200000fc                __data_end__ = .

.jcr            0x200000fc        0x0 load address 0x080020f4
 .jcr           0x200000fc        0x0 c:/program files/emblocks/1.44/share/em_armgcc/bin/../lib/gcc/arm-none-eabi/4.7.3/armv6-m/crtbegin.o

.igot.plt       0x200000fc        0x0 load address 0x080020f4
 .igot.plt      0x00000000        0x0 c:/program files/emblocks/1.44/share/em_armgcc/bin/../lib/gcc/arm-none-eabi/4.7.3/armv6-m/crtbegin.o

.bss            0x200000fc      0x148 load address 0x080020f4
                0x200000fc                __bss_start__ = .
 *(.bss*)
 .bss           0x200000fc       0x1c c:/program files/emblocks/1.44/share/em_armgcc/bin/../lib/gcc/arm-none-eabi/4.7.3/armv6-m/crtbegin.o
 .bss.lcd_cnt   0x20000118        0x1 obj\debug\hd44780.o
                0x20000118                lcd_cnt
 *fill*         0x20000119        0x1 
 .bss.enc1      0x2000011a        0x2 obj\debug\test1.o
                0x2000011a                enc1
 .bss.enc2      0x2000011c        0x2 obj\debug\test1.o
                0x2000011c                enc2
 .bss.pwm_state
                0x2000011e        0x1 obj\debug\test1.o
                0x2000011e                pwm_state
 .bss.old_code.4856
                0x2000011f        0x1 obj\debug\buttons.o
 .bss.press_cnt.4855
                0x20000120        0x1 obj\debug\buttons.o
 .bss.direction.4878
                0x20000121        0x1 obj\debug\encoders.o
 .bss.direction.4860
                0x20000122        0x1 obj\debug\encoders.o
 *(COMMON)
 *fill*         0x20000123        0x1 
 COMMON         0x20000124        0x4 obj\debug\menu.o
                0x20000124                selectedMenuItem
 COMMON         0x20000128        0x6 obj\debug\test1.o
                0x20000128                old_enc1
                0x2000012a                button
                0x2000012c                old_enc2
 *fill*         0x2000012e        0x2 
 COMMON         0x20000130       0xf0 obj\debug\slow_timer.o
                0x20000130                Slow_Timers
 COMMON         0x20000220        0x1 obj\debug\buttons.o
                0x20000220                btn
 *fill*         0x20000221        0x3 
 COMMON         0x20000224       0x20 obj\debug\pwm.o
                0x20000224                TIM_TimeBaseStructure
                0x20000230                TIM_OCInitStructure
                0x20000244                __bss_end__ = .

.heap           0x20000248        0x0
                0x20000248                __end__ = .
                0x20000248                end = __end__
 *(.heap*)
 .heap          0x20000248        0x0 obj\debug\startup_stm32f0xx.o
                0x20000248                __HeapLimit = .

.stack_dummy    0x20000248      0x100
 *(.stack)
 .stack         0x20000248      0x100 obj\debug\startup_stm32f0xx.o
                0x20002000                __StackTop = (ORIGIN (RAM) + 0x2000)
                0x20001f00                __StackLimit = (__StackTop - SIZEOF (.stack_dummy))
                0x20002000                PROVIDE (__stack, __StackTop)
                0x00000001                ASSERT ((__StackLimit >= __HeapLimit), region RAM overflowed with stack)
LOAD obj\debug\stm32f0xx_adc.o
LOAD obj\debug\stm32f0xx_can.o
LOAD obj\debug\stm32f0xx_cec.o
LOAD obj\debug\stm32f0xx_comp.o
LOAD obj\debug\stm32f0xx_crc.o
LOAD obj\debug\stm32f0xx_crs.o
LOAD obj\debug\stm32f0xx_dac.o
LOAD obj\debug\stm32f0xx_dbgmcu.o
LOAD obj\debug\stm32f0xx_dma.o
LOAD obj\debug\stm32f0xx_exti.o
LOAD obj\debug\stm32f0xx_flash.o
LOAD obj\debug\stm32f0xx_gpio.o
LOAD obj\debug\stm32f0xx_i2c.o
LOAD obj\debug\stm32f0xx_iwdg.o
LOAD obj\debug\stm32f0xx_misc.o
LOAD obj\debug\stm32f0xx_pwr.o
LOAD obj\debug\stm32f0xx_rcc.o
LOAD obj\debug\stm32f0xx_rtc.o
LOAD obj\debug\stm32f0xx_spi.o
LOAD obj\debug\stm32f0xx_syscfg.o
LOAD obj\debug\stm32f0xx_tim.o
LOAD obj\debug\stm32f0xx_usart.o
LOAD obj\debug\stm32f0xx_wwdg.o
LOAD obj\debug\common_funcs.o
LOAD obj\debug\hd44780.o
LOAD obj\debug\menu.o
LOAD obj\debug\test1.o
LOAD obj\debug\test2.o
LOAD obj\debug\slow_timer.o
LOAD obj\debug\buttons.o
LOAD obj\debug\encoders.o
LOAD obj\debug\main.o
LOAD obj\debug\pwm.o
LOAD obj\debug\startup_stm32f0xx.o
LOAD obj\debug\system_stm32f0xx.o
START GROUP
LOAD c:/program files/emblocks/1.44/share/em_armgcc/bin/../lib/gcc/arm-none-eabi/4.7.3/armv6-m\libgcc.a
LOAD c:/program files/emblocks/1.44/share/em_armgcc/bin/../lib/gcc/arm-none-eabi/4.7.3/../../../../arm-none-eabi/lib/armv6-m\libc_n.a
LOAD c:/program files/emblocks/1.44/share/em_armgcc/bin/../lib/gcc/arm-none-eabi/4.7.3/../../../../arm-none-eabi/lib/armv6-m\libg_n.a
LOAD c:/program files/emblocks/1.44/share/em_armgcc/bin/../lib/gcc/arm-none-eabi/4.7.3/../../../../arm-none-eabi/lib/armv6-m\libnosys.a
END GROUP
LOAD c:/program files/emblocks/1.44/share/em_armgcc/bin/../lib/gcc/arm-none-eabi/4.7.3/armv6-m/crtend.o
LOAD c:/program files/emblocks/1.44/share/em_armgcc/bin/../lib/gcc/arm-none-eabi/4.7.3/armv6-m/crtn.o
OUTPUT(bin\Debug\injector.elf elf32-littlearm)

.ARM.attributes
                0x00000000       0x28
 .ARM.attributes
                0x00000000       0x1e c:/program files/emblocks/1.44/share/em_armgcc/bin/../lib/gcc/arm-none-eabi/4.7.3/armv6-m/crti.o
 .ARM.attributes
                0x0000001e       0x2c c:/program files/emblocks/1.44/share/em_armgcc/bin/../lib/gcc/arm-none-eabi/4.7.3/armv6-m/crtbegin.o
 .ARM.attributes
                0x0000004a       0x1c c:/program files/emblocks/1.44/share/em_armgcc/bin/../lib/gcc/arm-none-eabi/4.7.3/../../../../arm-none-eabi/lib/armv6-m/crt0.o
 .ARM.attributes
                0x00000066       0x31 obj\debug\stm32f0xx_gpio.o
 .ARM.attributes
                0x00000097       0x31 obj\debug\stm32f0xx_rcc.o
 .ARM.attributes
                0x000000c8       0x31 obj\debug\stm32f0xx_tim.o
 .ARM.attributes
                0x000000f9       0x31 obj\debug\common_funcs.o
 .ARM.attributes
                0x0000012a       0x31 obj\debug\hd44780.o
 .ARM.attributes
                0x0000015b       0x31 obj\debug\menu.o
 .ARM.attributes
                0x0000018c       0x31 obj\debug\test1.o
 .ARM.attributes
                0x000001bd       0x31 obj\debug\test2.o
 .ARM.attributes
                0x000001ee       0x31 obj\debug\slow_timer.o
 .ARM.attributes
                0x0000021f       0x31 obj\debug\buttons.o
 .ARM.attributes
                0x00000250       0x31 obj\debug\encoders.o
 .ARM.attributes
                0x00000281       0x31 obj\debug\main.o
 .ARM.attributes
                0x000002b2       0x31 obj\debug\pwm.o
 .ARM.attributes
                0x000002e3       0x1b obj\debug\startup_stm32f0xx.o
 .ARM.attributes
                0x000002fe       0x31 obj\debug\system_stm32f0xx.o
 .ARM.attributes
                0x0000032f       0x1e c:/program files/emblocks/1.44/share/em_armgcc/bin/../lib/gcc/arm-none-eabi/4.7.3/armv6-m\libgcc.a(_udivsi3.o)
 .ARM.attributes
                0x0000034d       0x1e c:/program files/emblocks/1.44/share/em_armgcc/bin/../lib/gcc/arm-none-eabi/4.7.3/armv6-m\libgcc.a(_divsi3.o)
 .ARM.attributes
                0x0000036b       0x1e c:/program files/emblocks/1.44/share/em_armgcc/bin/../lib/gcc/arm-none-eabi/4.7.3/armv6-m\libgcc.a(_dvmd_tls.o)
 .ARM.attributes
                0x00000389       0x2c c:/program files/emblocks/1.44/share/em_armgcc/bin/../lib/gcc/arm-none-eabi/4.7.3/../../../../arm-none-eabi/lib/armv6-m\libc_n.a(lib_a-__atexit2.o)
 .ARM.attributes
                0x000003b5       0x2c c:/program files/emblocks/1.44/share/em_armgcc/bin/../lib/gcc/arm-none-eabi/4.7.3/../../../../arm-none-eabi/lib/armv6-m\libc_n.a(lib_a-exit.o)
 .ARM.attributes
                0x000003e1       0x2c c:/program files/emblocks/1.44/share/em_armgcc/bin/../lib/gcc/arm-none-eabi/4.7.3/../../../../arm-none-eabi/lib/armv6-m\libc_n.a(lib_a-fini.o)
 .ARM.attributes
                0x0000040d       0x2c c:/program files/emblocks/1.44/share/em_armgcc/bin/../lib/gcc/arm-none-eabi/4.7.3/../../../../arm-none-eabi/lib/armv6-m\libc_n.a(lib_a-impure.o)
 .ARM.attributes
                0x00000439       0x2c c:/program files/emblocks/1.44/share/em_armgcc/bin/../lib/gcc/arm-none-eabi/4.7.3/../../../../arm-none-eabi/lib/armv6-m\libc_n.a(lib_a-init.o)
 .ARM.attributes
                0x00000465       0x2c c:/program files/emblocks/1.44/share/em_armgcc/bin/../lib/gcc/arm-none-eabi/4.7.3/../../../../arm-none-eabi/lib/armv6-m\libc_n.a(lib_a-memset.o)
 .ARM.attributes
                0x00000491       0x2c c:/program files/emblocks/1.44/share/em_armgcc/bin/../lib/gcc/arm-none-eabi/4.7.3/../../../../arm-none-eabi/lib/armv6-m\libnosys.a(_exit.o)
 .ARM.attributes
                0x000004bd       0x2c c:/program files/emblocks/1.44/share/em_armgcc/bin/../lib/gcc/arm-none-eabi/4.7.3/armv6-m/crtend.o
 .ARM.attributes
                0x000004e9       0x1e c:/program files/emblocks/1.44/share/em_armgcc/bin/../lib/gcc/arm-none-eabi/4.7.3/armv6-m/crtn.o

.comment        0x00000000       0x4e
 .comment       0x00000000       0x4e obj\debug\stm32f0xx_gpio.o
                                 0x4f (size before relaxing)
 .comment       0x00000000       0x4f obj\debug\stm32f0xx_rcc.o
 .comment       0x00000000       0x4f obj\debug\stm32f0xx_tim.o
 .comment       0x00000000       0x4f obj\debug\common_funcs.o
 .comment       0x00000000       0x4f obj\debug\hd44780.o
 .comment       0x00000000       0x4f obj\debug\menu.o
 .comment       0x00000000       0x4f obj\debug\test1.o
 .comment       0x00000000       0x4f obj\debug\test2.o
 .comment       0x00000000       0x4f obj\debug\slow_timer.o
 .comment       0x00000000       0x4f obj\debug\buttons.o
 .comment       0x00000000       0x4f obj\debug\encoders.o
 .comment       0x00000000       0x4f obj\debug\main.o
 .comment       0x00000000       0x4f obj\debug\pwm.o
 .comment       0x00000000       0x4f obj\debug\system_stm32f0xx.o

.debug_info     0x00000000     0x5b16
 .debug_info    0x00000000      0x621 obj\debug\stm32f0xx_gpio.o
 .debug_info    0x00000621      0xb02 obj\debug\stm32f0xx_rcc.o
 .debug_info    0x00001123     0x1e9d obj\debug\stm32f0xx_tim.o
 .debug_info    0x00002fc0      0x19e obj\debug\common_funcs.o
 .debug_info    0x0000315e      0x7bb obj\debug\hd44780.o
 .debug_info    0x00003919      0x307 obj\debug\menu.o
 .debug_info    0x00003c20      0x36f obj\debug\test1.o
 .debug_info    0x00003f8f       0x44 obj\debug\test2.o
 .debug_info    0x00003fd3      0x906 obj\debug\slow_timer.o
 .debug_info    0x000048d9      0x38b obj\debug\buttons.o
 .debug_info    0x00004c64      0x2c1 obj\debug\encoders.o
 .debug_info    0x00004f25       0xf0 obj\debug\main.o
 .debug_info    0x00005015      0x790 obj\debug\pwm.o
 .debug_info    0x000057a5       0x59 obj\debug\startup_stm32f0xx.o
 .debug_info    0x000057fe      0x318 obj\debug\system_stm32f0xx.o

.debug_abbrev   0x00000000     0x124c
 .debug_abbrev  0x00000000      0x1a2 obj\debug\stm32f0xx_gpio.o
 .debug_abbrev  0x000001a2      0x1f3 obj\debug\stm32f0xx_rcc.o
 .debug_abbrev  0x00000395      0x193 obj\debug\stm32f0xx_tim.o
 .debug_abbrev  0x00000528       0xb6 obj\debug\common_funcs.o
 .debug_abbrev  0x000005de      0x220 obj\debug\hd44780.o
 .debug_abbrev  0x000007fe      0x15f obj\debug\menu.o
 .debug_abbrev  0x0000095d      0x14a obj\debug\test1.o
 .debug_abbrev  0x00000aa7       0x31 obj\debug\test2.o
 .debug_abbrev  0x00000ad8      0x1e0 obj\debug\slow_timer.o
 .debug_abbrev  0x00000cb8      0x13c obj\debug\buttons.o
 .debug_abbrev  0x00000df4      0x10d obj\debug\encoders.o
 .debug_abbrev  0x00000f01       0x95 obj\debug\main.o
 .debug_abbrev  0x00000f96      0x167 obj\debug\pwm.o
 .debug_abbrev  0x000010fd       0x14 obj\debug\startup_stm32f0xx.o
 .debug_abbrev  0x00001111      0x13b obj\debug\system_stm32f0xx.o

.debug_loc      0x00000000     0x2e64
 .debug_loc     0x00000000      0x2d8 obj\debug\stm32f0xx_gpio.o
 .debug_loc     0x000002d8      0x8d4 obj\debug\stm32f0xx_rcc.o
 .debug_loc     0x00000bac     0x1458 obj\debug\stm32f0xx_tim.o
 .debug_loc     0x00002004       0x74 obj\debug\common_funcs.o
 .debug_loc     0x00002078      0x5a0 obj\debug\hd44780.o
 .debug_loc     0x00002618      0x1a4 obj\debug\menu.o
 .debug_loc     0x000027bc       0xf4 obj\debug\test1.o
 .debug_loc     0x000028b0       0x2c obj\debug\test2.o
 .debug_loc     0x000028dc      0x218 obj\debug\slow_timer.o
 .debug_loc     0x00002af4       0xa8 obj\debug\buttons.o
 .debug_loc     0x00002b9c       0x9c obj\debug\encoders.o
 .debug_loc     0x00002c38       0x58 obj\debug\main.o
 .debug_loc     0x00002c90      0x138 obj\debug\pwm.o
 .debug_loc     0x00002dc8       0x9c obj\debug\system_stm32f0xx.o

.debug_aranges  0x00000000      0x840
 .debug_aranges
                0x00000000       0x80 obj\debug\stm32f0xx_gpio.o
 .debug_aranges
                0x00000080      0x160 obj\debug\stm32f0xx_rcc.o
 .debug_aranges
                0x000001e0      0x300 obj\debug\stm32f0xx_tim.o
 .debug_aranges
                0x000004e0       0x28 obj\debug\common_funcs.o
 .debug_aranges
                0x00000508       0xf0 obj\debug\hd44780.o
 .debug_aranges
                0x000005f8       0x60 obj\debug\menu.o
 .debug_aranges
                0x00000658       0x40 obj\debug\test1.o
 .debug_aranges
                0x00000698       0x20 obj\debug\test2.o
 .debug_aranges
                0x000006b8       0x68 obj\debug\slow_timer.o
 .debug_aranges
                0x00000720       0x30 obj\debug\buttons.o
 .debug_aranges
                0x00000750       0x30 obj\debug\encoders.o
 .debug_aranges
                0x00000780       0x28 obj\debug\main.o
 .debug_aranges
                0x000007a8       0x48 obj\debug\pwm.o
 .debug_aranges
                0x000007f0       0x20 obj\debug\startup_stm32f0xx.o
 .debug_aranges
                0x00000810       0x30 obj\debug\system_stm32f0xx.o

.debug_ranges   0x00000000      0x740
 .debug_ranges  0x00000000       0x70 obj\debug\stm32f0xx_gpio.o
 .debug_ranges  0x00000070      0x150 obj\debug\stm32f0xx_rcc.o
 .debug_ranges  0x000001c0      0x2f0 obj\debug\stm32f0xx_tim.o
 .debug_ranges  0x000004b0       0x18 obj\debug\common_funcs.o
 .debug_ranges  0x000004c8       0xe0 obj\debug\hd44780.o
 .debug_ranges  0x000005a8       0x50 obj\debug\menu.o
 .debug_ranges  0x000005f8       0x30 obj\debug\test1.o
 .debug_ranges  0x00000628       0x10 obj\debug\test2.o
 .debug_ranges  0x00000638       0x58 obj\debug\slow_timer.o
 .debug_ranges  0x00000690       0x20 obj\debug\buttons.o
 .debug_ranges  0x000006b0       0x20 obj\debug\encoders.o
 .debug_ranges  0x000006d0       0x18 obj\debug\main.o
 .debug_ranges  0x000006e8       0x38 obj\debug\pwm.o
 .debug_ranges  0x00000720       0x20 obj\debug\system_stm32f0xx.o

.debug_macro    0x00000000     0x27e1
 .debug_macro   0x00000000       0xe0 obj\debug\stm32f0xx_gpio.o
 .debug_macro   0x000000e0      0x4dd obj\debug\stm32f0xx_gpio.o
 .debug_macro   0x000005bd       0xfe obj\debug\stm32f0xx_rcc.o
 .debug_macro   0x000006bb      0x101 obj\debug\stm32f0xx_tim.o
 .debug_macro   0x000007bc      0x74a obj\debug\stm32f0xx_tim.o
 .debug_macro   0x00000f06       0xda obj\debug\common_funcs.o
 .debug_macro   0x00000fe0       0xfd obj\debug\hd44780.o
 .debug_macro   0x000010dd       0x1c obj\debug\hd44780.o
 .debug_macro   0x000010f9       0x10 obj\debug\hd44780.o
 .debug_macro   0x00001109       0xf4 obj\debug\hd44780.o
 .debug_macro   0x000011fd      0x1d4 obj\debug\menu.o
 .debug_macro   0x000013d1       0x3a obj\debug\menu.o
 .debug_macro   0x0000140b       0x52 obj\debug\menu.o
 .debug_macro   0x0000145d       0x19 obj\debug\menu.o
 .debug_macro   0x00001476      0x16d obj\debug\menu.o
 .debug_macro   0x000015e3       0xac obj\debug\menu.o
 .debug_macro   0x0000168f       0x10 obj\debug\menu.o
 .debug_macro   0x0000169f       0x97 obj\debug\menu.o
 .debug_macro   0x00001736       0x1f obj\debug\menu.o
 .debug_macro   0x00001755       0x22 obj\debug\menu.o
 .debug_macro   0x00001777       0x1c obj\debug\menu.o
 .debug_macro   0x00001793       0x28 obj\debug\menu.o
 .debug_macro   0x000017bb      0x13a obj\debug\test1.o
 .debug_macro   0x000018f5       0x10 obj\debug\test1.o
 .debug_macro   0x00001905       0x1b obj\debug\test2.o
 .debug_macro   0x00001920      0x154 obj\debug\slow_timer.o
 .debug_macro   0x00001a74       0x16 obj\debug\slow_timer.o
 .debug_macro   0x00001a8a       0xe6 obj\debug\buttons.o
 .debug_macro   0x00001b70      0x175 obj\debug\encoders.o
 .debug_macro   0x00001ce5      0x1e4 obj\debug\main.o
 .debug_macro   0x00001ec9       0xf2 obj\debug\pwm.o
 .debug_macro   0x00001fbb      0x750 obj\debug\pwm.o
 .debug_macro   0x0000270b       0xd6 obj\debug\system_stm32f0xx.o

.debug_line     0x00000000     0x43f0
 .debug_line    0x00000000      0x444 obj\debug\stm32f0xx_gpio.o
 .debug_line    0x00000444      0x69f obj\debug\stm32f0xx_rcc.o
 .debug_line    0x00000ae3      0xb91 obj\debug\stm32f0xx_tim.o
 .debug_line    0x00001674      0x38e obj\debug\common_funcs.o
 .debug_line    0x00001a02      0x616 obj\debug\hd44780.o
 .debug_line    0x00002018      0x58d obj\debug\menu.o
 .debug_line    0x000025a5      0x4a4 obj\debug\test1.o
 .debug_line    0x00002a49       0x4c obj\debug\test2.o
 .debug_line    0x00002a95      0x464 obj\debug\slow_timer.o
 .debug_line    0x00002ef9      0x366 obj\debug\buttons.o
 .debug_line    0x0000325f      0x3fe obj\debug\encoders.o
 .debug_line    0x0000365d      0x5a7 obj\debug\main.o
 .debug_line    0x00003c04      0x3dc obj\debug\pwm.o
 .debug_line    0x00003fe0       0x87 obj\debug\startup_stm32f0xx.o
 .debug_line    0x00004067      0x389 obj\debug\system_stm32f0xx.o

.debug_str      0x00000000    0x2f5fc
 .debug_str     0x00000000    0x26c51 obj\debug\stm32f0xx_gpio.o
                              0x26dc1 (size before relaxing)
 .debug_str     0x00026c51      0x650 obj\debug\stm32f0xx_rcc.o
                              0x2716d (size before relaxing)
 .debug_str     0x000272a1     0x5302 obj\debug\stm32f0xx_tim.o
                              0x2be74 (size before relaxing)
 .debug_str     0x0002c5a3       0x35 obj\debug\common_funcs.o
                              0x26adc (size before relaxing)
 .debug_str     0x0002c5d8      0x654 obj\debug\hd44780.o
                              0x272ae (size before relaxing)
 .debug_str     0x0002cc2c     0x1dc1 obj\debug\menu.o
                              0x28d25 (size before relaxing)
 .debug_str     0x0002e9ed       0xb0 obj\debug\test1.o
                              0x2718f (size before relaxing)
 .debug_str     0x0002ea9d       0x19 obj\debug\test2.o
                               0x21ad (size before relaxing)
 .debug_str     0x0002eab6      0x611 obj\debug\slow_timer.o
                              0x27299 (size before relaxing)
 .debug_str     0x0002f0c7       0x48 obj\debug\buttons.o
                              0x26cfb (size before relaxing)
 .debug_str     0x0002f10f      0x3c2 obj\debug\encoders.o
                              0x26f44 (size before relaxing)
 .debug_str     0x0002f4d1       0x10 obj\debug\main.o
                              0x28c04 (size before relaxing)
 .debug_str     0x0002f4e1       0xa3 obj\debug\pwm.o
                              0x2b5dd (size before relaxing)
 .debug_str     0x0002f584       0x78 obj\debug\system_stm32f0xx.o
                              0x26bc8 (size before relaxing)

.debug_frame    0x00000000     0x1cec
 .debug_frame   0x00000000      0x1b0 obj\debug\stm32f0xx_gpio.o
 .debug_frame   0x000001b0      0x524 obj\debug\stm32f0xx_rcc.o
 .debug_frame   0x000006d4      0xbb0 obj\debug\stm32f0xx_tim.o
 .debug_frame   0x00001284       0x50 obj\debug\common_funcs.o
 .debug_frame   0x000012d4      0x358 obj\debug\hd44780.o
 .debug_frame   0x0000162c      0x114 obj\debug\menu.o
 .debug_frame   0x00001740       0xa4 obj\debug\test1.o
 .debug_frame   0x000017e4       0x2c obj\debug\test2.o
 .debug_frame   0x00001810      0x14c obj\debug\slow_timer.o
 .debug_frame   0x0000195c       0x70 obj\debug\buttons.o
 .debug_frame   0x000019cc       0x6c obj\debug\encoders.o
 .debug_frame   0x00001a38       0x48 obj\debug\main.o
 .debug_frame   0x00001a80       0xc8 obj\debug\pwm.o
 .debug_frame   0x00001b48       0x6c obj\debug\system_stm32f0xx.o
 .debug_frame   0x00001bb4       0x20 c:/program files/emblocks/1.44/share/em_armgcc/bin/../lib/gcc/arm-none-eabi/4.7.3/armv6-m\libgcc.a(_udivsi3.o)
 .debug_frame   0x00001bd4       0x20 c:/program files/emblocks/1.44/share/em_armgcc/bin/../lib/gcc/arm-none-eabi/4.7.3/armv6-m\libgcc.a(_divsi3.o)
 .debug_frame   0x00001bf4       0x28 c:/program files/emblocks/1.44/share/em_armgcc/bin/../lib/gcc/arm-none-eabi/4.7.3/../../../../arm-none-eabi/lib/armv6-m\libc_n.a(lib_a-__atexit2.o)
 .debug_frame   0x00001c1c       0x28 c:/program files/emblocks/1.44/share/em_armgcc/bin/../lib/gcc/arm-none-eabi/4.7.3/../../../../arm-none-eabi/lib/armv6-m\libc_n.a(lib_a-exit.o)
 .debug_frame   0x00001c44       0x2c c:/program files/emblocks/1.44/share/em_armgcc/bin/../lib/gcc/arm-none-eabi/4.7.3/../../../../arm-none-eabi/lib/armv6-m\libc_n.a(lib_a-fini.o)
 .debug_frame   0x00001c70       0x2c c:/program files/emblocks/1.44/share/em_armgcc/bin/../lib/gcc/arm-none-eabi/4.7.3/../../../../arm-none-eabi/lib/armv6-m\libc_n.a(lib_a-init.o)
 .debug_frame   0x00001c9c       0x28 c:/program files/emblocks/1.44/share/em_armgcc/bin/../lib/gcc/arm-none-eabi/4.7.3/../../../../arm-none-eabi/lib/armv6-m\libc_n.a(lib_a-memset.o)
 .debug_frame   0x00001cc4       0x28 c:/program files/emblocks/1.44/share/em_armgcc/bin/../lib/gcc/arm-none-eabi/4.7.3/../../../../arm-none-eabi/lib/armv6-m\libnosys.a(_exit.o)
